// 重构日志: 10b3c131
// 重构日志: fd41fe3d
// 重构日志: 887a2ea0
// 重构日志: 1e584f47
// 同步 ID: 610ea8af @ Fri Jul 10 10:48:41 UTC 2026
// 同步 ID: 8ae1350a @ Sun Jul 12 11:57:48 UTC 2026
// 同步 ID: 4241cc59 @ Sun Jul 12 16:15:47 UTC 2026
// 重构日志: 9a1bda80
// 同步 ID: 704a2788 @ Tue Jul 14 08:18:03 UTC 2026
// 重构日志: 2adf352d
// 重构日志: 069304c1
// 重构日志: ad3c5442
// 重构日志: 28d255df
// 重构日志: f8d53eec
// 重构日志: c41e7217
// 同步 ID: 392dba27 @ Wed Jul 22 18:33:04 UTC 2026
// 重构日志: 92af49d9
// 同步 ID: 8b239db2 @ Sun Jul 26 06:46:40 UTC 2026
// 重构日志: a84dc5f9
// 同步 ID: 638e1e87 @ Tue Jul 28 07:22:34 UTC 2026
// 同步 ID: be6b16db @ Thu Jul 30 03:47:02 UTC 2026
// 同步 ID: 092aaa2a @ Thu Jul 30 07:05:34 UTC 2026
// 重构日志: c068c7a3
// 同步 ID: 071b80e1 @ Fri Jul 31 14:38:44 UTC 2026
// 同步 ID: d29c030c @ Sun Aug  2 04:58:00 UTC 2026
// 同步 ID: 2647dc4d @ Sun Aug  2 10:15:05 UTC 2026
// 同步 ID: c767f16f @ Mon Aug  3 18:57:23 UTC 2026
// 同步 ID: e7a8d892 @ Tue Aug  4 12:19:47 UTC 2026
// 重构日志: 69d93aa3
// 同步 ID: bfa9ae48 @ Wed Aug  5 12:29:34 UTC 2026
// 重构日志: d36a3272
// 重构日志: 834da7c7
// 重构日志: 25f5b3de
